// Vitest Snapshot v1, https://vitest.dev/guide/snapshot.html

exports[`Header > should match snapshot 1`] = `
<header
  class="mb-16 flex items-center justify-between gap-12 p-8 text-center md:flex-row md:justify-between md:p-12"
  data-testid="header"
>
  <div
    class="flex flex-row items-center gap-4 lg:flex-row lg:text-left"
  >
    <a
      href="/"
    >
      <img
        alt="Greg Rickaby"
        class="mx-auto rounded-full shadow-lg hover:animate-spin"
        data-nimg="1"
        decoding="async"
        height="96"
        loading="eager"
        src="/_next/image?url=%2Fapp%2Ficon.png&w=256&q=75"
        srcset="/_next/image?url=%2Fapp%2Ficon.png&w=96&q=75 1x, /_next/image?url=%2Fapp%2Ficon.png&w=256&q=75 2x"
        style="color: transparent;"
        width="96"
      />
    </a>
    <div
      class="flex flex-col text-left"
    >
      <a
        class="no-underline"
        href="/"
      >
        <h1
          class="mb-1 text-2xl font-bold leading-none tracking-tighter md:text-4xl"
        >
          Greg Rickaby
        </h1>
      </a>
      <p
        class="m-0 max-w-sm p-0 md:ml-1 md:text-lg"
      >
        Cameras and Code
      </p>
    </div>
  </div>
  <nav
    class="relative"
    data-testid="nav"
  >
    <div
      class="flex items-center justify-between"
    >
      <button
        aria-label="Toggle navigation"
        class="button flex lg:hidden"
      >
        <svg
          class="tabler-icon tabler-icon-menu "
          fill="none"
          height="24"
          stroke="currentColor"
          stroke-linecap="round"
          stroke-linejoin="round"
          stroke-width="2"
          viewBox="0 0 24 24"
          width="24"
          xmlns="http://www.w3.org/2000/svg"
        >
          <path
            d="M4 8l16 0"
          />
          <path
            d="M4 16l16 0"
          />
        </svg>
      </button>
    </div>
    <div
      class="absolute right-0 top-12 z-10 flex-col gap-4 rounded-lg bg-white pb-8 pl-8 pr-0 pt-8 text-right lg:static lg:flex lg:flex-row lg:rounded-none lg:bg-transparent lg:shadow-none dark:bg-gray-950 hidden"
      data-testid="nav-links"
    >
      <a
        class="text-xl hover:underline"
        href="/"
      >
        Home
      </a>
      <a
        class="text-xl hover:underline"
        href="/about"
      >
        About
      </a>
      <a
        class="text-xl hover:underline"
        href="/blog"
      >
        Blog
      </a>
      <a
        class="text-xl hover:underline"
        href="/contact"
      >
        Contact
      </a>
      <a
        class="text-xl hover:underline"
        href="/cv"
      >
        CV
      </a>
      <a
        class="text-xl hover:underline"
        href="/media"
      >
        Media
      </a>
      <a
        class="text-xl hover:underline"
        href="/resources"
      >
        Resources
      </a>
    </div>
  </nav>
</header>
`;
