// Vitest Snapshot v1, https://vitest.dev/guide/snapshot.html

exports[`Header > should match snapshot 1`] = `
<header
  class="flex items-center gap-4"
  data-testid="header"
>
  <div>
    <img
      alt="Greg Rickaby"
      class="rounded-full"
      data-nimg="1"
      decoding="async"
      height="120"
      loading="lazy"
      src="/_next/image?url=%2Fapp%2Ficon.png&w=256&q=75"
      srcset="/_next/image?url=%2Fapp%2Ficon.png&w=128&q=75 1x, /_next/image?url=%2Fapp%2Ficon.png&w=256&q=75 2x"
      style="color: transparent;"
      width="120"
    />
  </div>
  <div
    class="not-prose"
  >
    <h1
      class="mb-3 text-3xl font-bold md:text-4xl"
    >
      Greg Rickaby
    </h1>
    <p>
      Full-Stack Engineer / Photographer / Author
    </p>
  </div>
</header>
`;
