// Vitest Snapshot v1, https://vitest.dev/guide/snapshot.html

exports[`Navigation > should match snapshot 1`] = `
<nav
  class="_nav_2c0fa0"
  data-testid="nav"
>
  <div
    class="_navContainer_2c0fa0"
  >
    <button
      aria-label="Toggle navigation"
      class="button _navButton_2c0fa0"
    >
      <svg
        class="tabler-icon tabler-icon-menu "
        fill="none"
        height="24"
        stroke="currentColor"
        stroke-linecap="round"
        stroke-linejoin="round"
        stroke-width="2"
        viewBox="0 0 24 24"
        width="24"
        xmlns="http://www.w3.org/2000/svg"
      >
        <path
          d="M4 8l16 0"
        />
        <path
          d="M4 16l16 0"
        />
      </svg>
    </button>
  </div>
  <div
    class="_linkContainer_2c0fa0 hidden"
    data-testid="nav-links"
  >
    <a
      class="_link_2c0fa0"
      href="/about"
    >
      About
    </a>
    <a
      class="_link_2c0fa0"
      href="/blog"
    >
      Blog
    </a>
    <a
      class="_link_2c0fa0"
      href="/contact"
    >
      Contact
    </a>
    <a
      class="_link_2c0fa0"
      href="/cv"
    >
      CV
    </a>
    <a
      class="_link_2c0fa0"
      href="/media"
    >
      Media
    </a>
    <a
      class="_link_2c0fa0"
      href="https://www.threads.net/@gregoryrickaby"
    >
      Photos
    </a>
    <a
      class="_link_2c0fa0"
      href="/resources"
    >
      Resources
    </a>
    <a
      class="_link_2c0fa0"
      href="/feed.xml"
    >
      RSS
    </a>
  </div>
</nav>
`;
