// Vitest Snapshot v1, https://vitest.dev/guide/snapshot.html

exports[`SocialLinks > should match snapshot 1`] = `
<div
  class="_socialLinks_34e23a"
  data-testid="social-links"
>
  <a
    aria-label="follow on Instagram"
    class="button _socialButton_34e23a"
    href="https://www.instagram.com/gregoryrickaby/"
    rel="noopener noreferrer"
    title="Follow on Instagram"
  >
    <svg
      class="tabler-icon tabler-icon-brand-instagram "
      fill="none"
      height="24"
      stroke="currentColor"
      stroke-linecap="round"
      stroke-linejoin="round"
      stroke-width="2"
      viewBox="0 0 24 24"
      width="24"
      xmlns="http://www.w3.org/2000/svg"
    >
      <path
        d="M4 4m0 4a4 4 0 0 1 4 -4h8a4 4 0 0 1 4 4v8a4 4 0 0 1 -4 4h-8a4 4 0 0 1 -4 -4z"
      />
      <path
        d="M12 12m-3 0a3 3 0 1 0 6 0a3 3 0 1 0 -6 0"
      />
      <path
        d="M16.5 7.5l0 .01"
      />
    </svg>
  </a>
  <a
    aria-label="follow on Threads"
    class="button _socialButton_34e23a"
    href="https://www.threads.net/@gregoryrickaby"
    rel="noopener noreferrer"
    title="Follow on Threads"
  >
    <svg
      class="tabler-icon tabler-icon-brand-threads "
      fill="none"
      height="24"
      stroke="currentColor"
      stroke-linecap="round"
      stroke-linejoin="round"
      stroke-width="2"
      viewBox="0 0 24 24"
      width="24"
      xmlns="http://www.w3.org/2000/svg"
    >
      <path
        d="M19 7.5c-1.333 -3 -3.667 -4.5 -7 -4.5c-5 0 -8 2.5 -8 9s3.5 9 8 9s7 -3 7 -5s-1 -5 -7 -5c-2.5 0 -3 1.25 -3 2.5c0 1.5 1 2.5 2.5 2.5c2.5 0 3.5 -1.5 3.5 -5s-2 -4 -3 -4s-1.833 .333 -2.5 1"
      />
    </svg>
  </a>
  <a
    aria-label="follow on GitHub"
    class="button _socialButton_34e23a"
    href="https://github.com/gregrickaby/"
    rel="noopener noreferrer"
    title="Follow on GitHub"
  >
    <svg
      class="tabler-icon tabler-icon-brand-github "
      fill="none"
      height="24"
      stroke="currentColor"
      stroke-linecap="round"
      stroke-linejoin="round"
      stroke-width="2"
      viewBox="0 0 24 24"
      width="24"
      xmlns="http://www.w3.org/2000/svg"
    >
      <path
        d="M9 19c-4.3 1.4 -4.3 -2.5 -6 -3m12 5v-3.5c0 -1 .1 -1.4 -.5 -2c2.8 -.3 5.5 -1.4 5.5 -6a4.6 4.6 0 0 0 -1.3 -3.2a4.2 4.2 0 0 0 -.1 -3.2s-1.1 -.3 -3.5 1.3a12.3 12.3 0 0 0 -6.2 0c-2.4 -1.6 -3.5 -1.3 -3.5 -1.3a4.2 4.2 0 0 0 -.1 3.2a4.6 4.6 0 0 0 -1.3 3.2c0 4.6 2.7 5.7 5.5 6c-.6 .6 -.6 1.2 -.5 2v3.5"
      />
    </svg>
  </a>
  <a
    aria-label="follow on LinkedIn"
    class="button _socialButton_34e23a"
    href="https://linkedin.com/in/gregrickaby/"
    rel="noopener noreferrer"
    title="Follow on LinkedIn"
  >
    <svg
      class="tabler-icon tabler-icon-brand-linkedin "
      fill="none"
      height="24"
      stroke="currentColor"
      stroke-linecap="round"
      stroke-linejoin="round"
      stroke-width="2"
      viewBox="0 0 24 24"
      width="24"
      xmlns="http://www.w3.org/2000/svg"
    >
      <path
        d="M4 4m0 2a2 2 0 0 1 2 -2h12a2 2 0 0 1 2 2v12a2 2 0 0 1 -2 2h-12a2 2 0 0 1 -2 -2z"
      />
      <path
        d="M8 11l0 5"
      />
      <path
        d="M8 8l0 .01"
      />
      <path
        d="M12 16l0 -5"
      />
      <path
        d="M16 16v-3a2 2 0 0 0 -4 0"
      />
    </svg>
  </a>
  <a
    aria-label="follow on WordPress"
    class="button _socialButton_34e23a"
    href="https://profiles.wordpress.org/gregrickaby/"
    rel="noopener noreferrer"
    title="Follow on WordPress"
  >
    <svg
      class="tabler-icon tabler-icon-brand-wordpress "
      fill="none"
      height="24"
      stroke="currentColor"
      stroke-linecap="round"
      stroke-linejoin="round"
      stroke-width="2"
      viewBox="0 0 24 24"
      width="24"
      xmlns="http://www.w3.org/2000/svg"
    >
      <path
        d="M9.5 9h3"
      />
      <path
        d="M4 9h2.5"
      />
      <path
        d="M11 9l3 11l4 -9"
      />
      <path
        d="M5.5 9l3.5 11l3 -7"
      />
      <path
        d="M18 11c.177 -.528 1 -1.364 1 -2.5c0 -1.78 -.776 -2.5 -1.875 -2.5c-.898 0 -1.125 .812 -1.125 1.429c0 1.83 2 2.058 2 3.571z"
      />
      <path
        d="M12 12m-9 0a9 9 0 1 0 18 0a9 9 0 1 0 -18 0"
      />
    </svg>
  </a>
  <a
    aria-label="follow on Amazon Author"
    class="button _socialButton_34e23a"
    href="https://www.amazon.com/author/gregrickaby"
    rel="noopener noreferrer"
    title="Follow on Amazon Author"
  >
    <svg
      class="tabler-icon tabler-icon-brand-amazon "
      fill="none"
      height="24"
      stroke="currentColor"
      stroke-linecap="round"
      stroke-linejoin="round"
      stroke-width="2"
      viewBox="0 0 24 24"
      width="24"
      xmlns="http://www.w3.org/2000/svg"
    >
      <path
        d="M17 12.5a15.198 15.198 0 0 1 -7.37 1.44a14.62 14.62 0 0 1 -6.63 -2.94"
      />
      <path
        d="M19.5 15c.907 -1.411 1.451 -3.323 1.5 -5c-1.197 -.773 -2.577 -.935 -4 -1"
      />
    </svg>
  </a>
  <a
    aria-label="follow on Facebook"
    class="button _socialButton_34e23a"
    href="https://www.facebook.com/gregrickaby"
    rel="noopener noreferrer"
    title="Follow on Facebook"
  >
    <svg
      class="tabler-icon tabler-icon-brand-facebook "
      fill="none"
      height="24"
      stroke="currentColor"
      stroke-linecap="round"
      stroke-linejoin="round"
      stroke-width="2"
      viewBox="0 0 24 24"
      width="24"
      xmlns="http://www.w3.org/2000/svg"
    >
      <path
        d="M7 10v4h3v7h4v-7h3l1 -4h-4v-2a1 1 0 0 1 1 -1h3v-4h-3a5 5 0 0 0 -5 5v2h-3"
      />
    </svg>
  </a>
  <a
    aria-label="follow on Goodreads"
    class="button _socialButton_34e23a"
    href="https://www.goodreads.com/author/show/16999736.Greg_Rickaby"
    rel="noopener noreferrer"
    title="Follow on Goodreads"
  >
    <svg
      class="tabler-icon tabler-icon-book "
      fill="none"
      height="24"
      stroke="currentColor"
      stroke-linecap="round"
      stroke-linejoin="round"
      stroke-width="2"
      viewBox="0 0 24 24"
      width="24"
      xmlns="http://www.w3.org/2000/svg"
    >
      <path
        d="M3 19a9 9 0 0 1 9 0a9 9 0 0 1 9 0"
      />
      <path
        d="M3 6a9 9 0 0 1 9 0a9 9 0 0 1 9 0"
      />
      <path
        d="M3 6l0 13"
      />
      <path
        d="M12 6l0 13"
      />
      <path
        d="M21 6l0 13"
      />
    </svg>
  </a>
  <a
    aria-label="follow on CodePen"
    class="button _socialButton_34e23a"
    href="https://codepen.io/gregrickaby"
    rel="noopener noreferrer"
    title="Follow on CodePen"
  >
    <svg
      class="tabler-icon tabler-icon-brand-codepen "
      fill="none"
      height="24"
      stroke="currentColor"
      stroke-linecap="round"
      stroke-linejoin="round"
      stroke-width="2"
      viewBox="0 0 24 24"
      width="24"
      xmlns="http://www.w3.org/2000/svg"
    >
      <path
        d="M3 15l9 6l9 -6l-9 -6l-9 6"
      />
      <path
        d="M3 9l9 6l9 -6l-9 -6l-9 6"
      />
      <path
        d="M3 9l0 6"
      />
      <path
        d="M21 9l0 6"
      />
      <path
        d="M12 3l0 6"
      />
      <path
        d="M12 15l0 6"
      />
    </svg>
  </a>
  <a
    aria-label="follow on YouTube"
    class="button _socialButton_34e23a"
    href="https://www.youtube.com/@GregRickaby"
    rel="noopener noreferrer"
    title="Follow on YouTube"
  >
    <svg
      class="tabler-icon tabler-icon-brand-youtube "
      fill="none"
      height="24"
      stroke="currentColor"
      stroke-linecap="round"
      stroke-linejoin="round"
      stroke-width="2"
      viewBox="0 0 24 24"
      width="24"
      xmlns="http://www.w3.org/2000/svg"
    >
      <path
        d="M2 8a4 4 0 0 1 4 -4h12a4 4 0 0 1 4 4v8a4 4 0 0 1 -4 4h-12a4 4 0 0 1 -4 -4v-8z"
      />
      <path
        d="M10 9l5 3l-5 3z"
      />
    </svg>
  </a>
  <a
    aria-label="follow on RSS Feed"
    class="button _socialButton_34e23a"
    href="https://gregrickaby.com/feed.xml"
    rel="noopener noreferrer"
    title="Follow on RSS Feed"
  >
    <svg
      class="tabler-icon tabler-icon-rss "
      fill="none"
      height="24"
      stroke="currentColor"
      stroke-linecap="round"
      stroke-linejoin="round"
      stroke-width="2"
      viewBox="0 0 24 24"
      width="24"
      xmlns="http://www.w3.org/2000/svg"
    >
      <path
        d="M5 19m-1 0a1 1 0 1 0 2 0a1 1 0 1 0 -2 0"
      />
      <path
        d="M4 4a16 16 0 0 1 16 16"
      />
      <path
        d="M4 11a9 9 0 0 1 9 9"
      />
    </svg>
  </a>
  <a
    aria-label="follow on Feedly"
    class="button _socialButton_34e23a"
    href="https://feedly.com/i/subscription/feed%2Fhttps%3A%2F%2Fgregrickaby.com%2Ffeed.xml"
    rel="noopener noreferrer"
    title="Follow on Feedly"
  >
    <svg
      class="tabler-icon tabler-icon-brand-feedly "
      fill="none"
      height="24"
      stroke="currentColor"
      stroke-linecap="round"
      stroke-linejoin="round"
      stroke-width="2"
      viewBox="0 0 24 24"
      width="24"
      xmlns="http://www.w3.org/2000/svg"
    >
      <path
        d="M7.833 12.278l4.445 -4.445"
      />
      <path
        d="M10.055 14.5l2.223 -2.222"
      />
      <path
        d="M12.278 16.722l.555 -.555"
      />
      <path
        d="M19.828 14.828a4 4 0 0 0 0 -5.656l-5 -5a4 4 0 0 0 -5.656 0l-5 5a4 4 0 0 0 0 5.656l6.171 6.172h3.314l6.171 -6.172z"
      />
    </svg>
  </a>
</div>
`;
